---
source: src/syntax_tree/parser/tests/vcon.rs
expression: "&err"
---
Some(
    Number(
        NumberLiteral {
            value: 0,
            span: (
                ByteIndex(
                    25,
                ),
                ByteIndex(
                    26,
                ),
            ),
        },
    ),
)
