---
source: zoc/src/syntax_tree/parser/tests/universe.rs
expression: "&ost"
---
Universe(
    UniverseLiteral {
        level: 1,
        span: (
            ByteIndex(
                0,
            ),
            ByteIndex(
                4,
            ),
        ),
        erasable: false,
    },
)
