---
source: may/src/codegen/tests/mod.rs
expression: PrettyPrint(&converted_leaf)
---
(
    fun
    0
    (
        (
            ind
            Set0
            "Nat"
            ()
            (
                (
                    (
                        0
                    )
                    ()
                )
                (
                    ()
                    ()
                )
            )
        )
        (
            ind
            Set0
            "Nat"
            ()
            (
                (
                    (
                        0
                    )
                    ()
                )
                (
                    ()
                    ()
                )
            )
        )
    )
    (
        (
            (
                fun
                nonrec
                (
                    Set0
                    0
                )
                (
                    for
                    (
                        1
                    )
                    Prop0
                )
                (
                    ind
                    Prop0
                    "Eq"
                    (
                        2
                    )
                    (
                        (
                            ()
                            (
                                2
                            )
                        )
                    )
                )
            )
            (
                ind
                Set0
                "Nat"
                ()
                (
                    (
                        (
                            0
                        )
                        ()
                    )
                    (
                        ()
                        ()
                    )
                )
            )
            (
                (
                    vcon
                    (
                        ind
                        Set0
                        "Nat"
                        ()
                        (
                            (
                                (
                                    0
                                )
                                ()
                            )
                            (
                                ()
                                ()
                            )
                        )
                    )
                    0
                )
                (
                    (
                        fun
                        0
                        (
                            (
                                ind
                                Set0
                                "Nat"
                                ()
                                (
                                    (
                                        (
                                            0
                                        )
                                        ()
                                    )
                                    (
                                        ()
                                        ()
                                    )
                                )
                            )
                            (
                                ind
                                Set0
                                "Nat"
                                ()
                                (
                                    (
                                        (
                                            0
                                        )
                                        ()
                                    )
                                    (
                                        ()
                                        ()
                                    )
                                )
                            )
                        )
                        (
                            ind
                            Set0
                            "Nat"
                            ()
                            (
                                (
                                    (
                                        0
                                    )
                                    ()
                                )
                                (
                                    ()
                                    ()
                                )
                            )
                        )
                        (
                            match
                            2
                            1
                            (
                                ind
                                Set0
                                "Nat"
                                ()
                                (
                                    (
                                        (
                                            0
                                        )
                                        ()
                                    )
                                    (
                                        ()
                                        ()
                                    )
                                )
                            )
                            (
                                (
                                    1
                                    (
                                        (
                                            vcon
                                            (
                                                ind
                                                Set0
                                                "Nat"
                                                ()
                                                (
                                                    (
                                                        (
                                                            0
                                                        )
                                                        ()
                                                    )
                                                    (
                                                        ()
                                                        ()
                                                    )
                                                )
                                            )
                                            0
                                        )
                                        (
                                            1
                                            0
                                            2
                                        )
                                    )
                                )
                                (
                                    0
                                    1
                                )
                            )
                        )
                    )
                    1
                    0
                )
            )
        )
        (
            (
                fun
                0
                (
                    (
                        ind
                        Set0
                        "Nat"
                        ()
                        (
                            (
                                (
                                    0
                                )
                                ()
                            )
                            (
                                ()
                                ()
                            )
                        )
                    )
                    (
                        ind
                        Set0
                        "Nat"
                        ()
                        (
                            (
                                (
                                    0
                                )
                                ()
                            )
                            (
                                ()
                                ()
                            )
                        )
                    )
                )
                (
                    ind
                    Set0
                    "Nat"
                    ()
                    (
                        (
                            (
                                0
                            )
                            ()
                        )
                        (
                            ()
                            ()
                        )
                    )
                )
                (
                    match
                    2
                    1
                    (
                        ind
                        Set0
                        "Nat"
                        ()
                        (
                            (
                                (
                                    0
                                )
                                ()
                            )
                            (
                                ()
                                ()
                            )
                        )
                    )
                    (
                        (
                            1
                            (
                                (
                                    vcon
                                    (
                                        ind
                                        Set0
                                        "Nat"
                                        ()
                                        (
                                            (
                                                (
                                                    0
                                                )
                                                ()
                                            )
                                            (
                                                ()
                                                ()
                                            )
                                        )
                                    )
                                    0
                                )
                                (
                                    1
                                    0
                                    2
                                )
                            )
                        )
                        (
                            0
                            1
                        )
                    )
                )
            )
            1
            (
                (
                    vcon
                    (
                        ind
                        Set0
                        "Nat"
                        ()
                        (
                            (
                                (
                                    0
                                )
                                ()
                            )
                            (
                                ()
                                ()
                            )
                        )
                    )
                    0
                )
                0
            )
        )
    )
    (
        match
        2
        1
        (
            (
                (
                    fun
                    nonrec
                    (
                        Set0
                        0
                    )
                    (
                        for
                        (
                            1
                        )
                        Prop0
                    )
                    (
                        ind
                        Prop0
                        "Eq"
                        (
                            2
                        )
                        (
                            (
                                ()
                                (
                                    2
                                )
                            )
                        )
                    )
                )
                (
                    ind
                    Set0
                    "Nat"
                    ()
                    (
                        (
                            (
                                0
                            )
                            ()
                        )
                        (
                            ()
                            ()
                        )
                    )
                )
                (
                    (
                        vcon
                        (
                            ind
                            Set0
                            "Nat"
                            ()
                            (
                                (
                                    (
                                        0
                                    )
                                    ()
                                )
                                (
                                    ()
                                    ()
                                )
                            )
                        )
                        0
                    )
                    (
                        (
                            fun
                            0
                            (
                                (
                                    ind
                                    Set0
                                    "Nat"
                                    ()
                                    (
                                        (
                                            (
                                                0
                                            )
                                            ()
                                        )
                                        (
                                            ()
                                            ()
                                        )
                                    )
                                )
                                (
                                    ind
                                    Set0
                                    "Nat"
                                    ()
                                    (
                                        (
                                            (
                                                0
                                            )
                                            ()
                                        )
                                        (
                                            ()
                                            ()
                                        )
                                    )
                                )
                            )
                            (
                                ind
                                Set0
                                "Nat"
                                ()
                                (
                                    (
                                        (
                                            0
                                        )
                                        ()
                                    )
                                    (
                                        ()
                                        ()
                                    )
                                )
                            )
                            (
                                match
                                2
                                1
                                (
                                    ind
                                    Set0
                                    "Nat"
                                    ()
                                    (
                                        (
                                            (
                                                0
                                            )
                                            ()
                                        )
                                        (
                                            ()
                                            ()
                                        )
                                    )
                                )
                                (
                                    (
                                        1
                                        (
                                            (
                                                vcon
                                                (
                                                    ind
                                                    Set0
                                                    "Nat"
                                                    ()
                                                    (
                                                        (
                                                            (
                                                                0
                                                            )
                                                            ()
                                                        )
                                                        (
                                                            ()
                                                            ()
                                                        )
                                                    )
                                                )
                                                0
                                            )
                                            (
                                                1
                                                0
                                                2
                                            )
                                        )
                                    )
                                    (
                                        0
                                        1
                                    )
                                )
                            )
                        )
                        0
                        2
                    )
                )
            )
            (
                (
                    fun
                    0
                    (
                        (
                            ind
                            Set0
                            "Nat"
                            ()
                            (
                                (
                                    (
                                        0
                                    )
                                    ()
                                )
                                (
                                    ()
                                    ()
                                )
                            )
                        )
                        (
                            ind
                            Set0
                            "Nat"
                            ()
                            (
                                (
                                    (
                                        0
                                    )
                                    ()
                                )
                                (
                                    ()
                                    ()
                                )
                            )
                        )
                    )
                    (
                        ind
                        Set0
                        "Nat"
                        ()
                        (
                            (
                                (
                                    0
                                )
                                ()
                            )
                            (
                                ()
                                ()
                            )
                        )
                    )
                    (
                        match
                        2
                        1
                        (
                            ind
                            Set0
                            "Nat"
                            ()
                            (
                                (
                                    (
                                        0
                                    )
                                    ()
                                )
                                (
                                    ()
                                    ()
                                )
                            )
                        )
                        (
                            (
                                1
                                (
                                    (
                                        vcon
                                        (
                                            ind
                                            Set0
                                            "Nat"
                                            ()
                                            (
                                                (
                                                    (
                                                        0
                                                    )
                                                    ()
                                                )
                                                (
                                                    ()
                                                    ()
                                                )
                                            )
                                        )
                                        0
                                    )
                                    (
                                        1
                                        0
                                        2
                                    )
                                )
                            )
                            (
                                0
                                1
                            )
                        )
                    )
                )
                0
                (
                    (
                        vcon
                        (
                            ind
                            Set0
                            "Nat"
                            ()
                            (
                                (
                                    (
                                        0
                                    )
                                    ()
                                )
                                (
                                    ()
                                    ()
                                )
                            )
                        )
                        0
                    )
                    2
                )
            )
        )
        (
            (
                1
                (
                    match
                    (
                        1
                        0
                        2
                    )
                    2
                    (
                        (
                            (
                                fun
                                nonrec
                                (
                                    Set0
                                    0
                                )
                                (
                                    for
                                    (
                                        1
                                    )
                                    Prop0
                                )
                                (
                                    ind
                                    Prop0
                                    "Eq"
                                    (
                                        2
                                    )
                                    (
                                        (
                                            ()
                                            (
                                                2
                                            )
                                        )
                                    )
                                )
                            )
                            (
                                ind
                                Set0
                                "Nat"
                                ()
                                (
                                    (
                                        (
                                            0
                                        )
                                        ()
                                    )
                                    (
                                        ()
                                        ()
                                    )
                                )
                            )
                            (
                                (
                                    vcon
                                    (
                                        ind
                                        Set0
                                        "Nat"
                                        ()
                                        (
                                            (
                                                (
                                                    0
                                                )
                                                ()
                                            )
                                            (
                                                ()
                                                ()
                                            )
                                        )
                                    )
                                    0
                                )
                                (
                                    (
                                        vcon
                                        (
                                            ind
                                            Set0
                                            "Nat"
                                            ()
                                            (
                                                (
                                                    (
                                                        0
                                                    )
                                                    ()
                                                )
                                                (
                                                    ()
                                                    ()
                                                )
                                            )
                                        )
                                        0
                                    )
                                    (
                                        (
                                            fun
                                            0
                                            (
                                                (
                                                    ind
                                                    Set0
                                                    "Nat"
                                                    ()
                                                    (
                                                        (
                                                            (
                                                                0
                                                            )
                                                            ()
                                                        )
                                                        (
                                                            ()
                                                            ()
                                                        )
                                                    )
                                                )
                                                (
                                                    ind
                                                    Set0
                                                    "Nat"
                                                    ()
                                                    (
                                                        (
                                                            (
                                                                0
                                                            )
                                                            ()
                                                        )
                                                        (
                                                            ()
                                                            ()
                                                        )
                                                    )
                                                )
                                            )
                                            (
                                                ind
                                                Set0
                                                "Nat"
                                                ()
                                                (
                                                    (
                                                        (
                                                            0
                                                        )
                                                        ()
                                                    )
                                                    (
                                                        ()
                                                        ()
                                                    )
                                                )
                                            )
                                            (
                                                match
                                                2
                                                1
                                                (
                                                    ind
                                                    Set0
                                                    "Nat"
                                                    ()
                                                    (
                                                        (
                                                            (
                                                                0
                                                            )
                                                            ()
                                                        )
                                                        (
                                                            ()
                                                            ()
                                                        )
                                                    )
                                                )
                                                (
                                                    (
                                                        1
                                                        (
                                                            (
                                                                vcon
                                                                (
                                                                    ind
                                                                    Set0
                                                                    "Nat"
                                                                    ()
                                                                    (
                                                                        (
                                                                            (
                                                                                0
                                                                            )
                                                                            ()
                                                                        )
                                                                        (
                                                                            ()
                                                                            ()
                                                                        )
                                                                    )
                                                                )
                                                                0
                                                            )
                                                            (
                                                                1
                                                                0
                                                                2
                                                            )
                                                        )
                                                    )
                                                    (
                                                        0
                                                        1
                                                    )
                                                )
                                            )
                                        )
                                        2
                                        4
                                    )
                                )
                            )
                        )
                        (
                            (
                                vcon
                                (
                                    ind
                                    Set0
                                    "Nat"
                                    ()
                                    (
                                        (
                                            (
                                                0
                                            )
                                            ()
                                        )
                                        (
                                            ()
                                            ()
                                        )
                                    )
                                )
                                0
                            )
                            1
                        )
                    )
                    (
                        (
                            0
                            (
                                (
                                    fun
                                    nonrec
                                    (
                                        Set0
                                        0
                                    )
                                    (
                                        (
                                            ind
                                            Prop0
                                            "Eq"
                                            (
                                                1
                                            )
                                            (
                                                (
                                                    ()
                                                    (
                                                        1
                                                    )
                                                )
                                            )
                                        )
                                        0
                                    )
                                    (
                                        vcon
                                        (
                                            ind
                                            Prop0
                                            "Eq"
                                            (
                                                2
                                            )
                                            (
                                                (
                                                    ()
                                                    (
                                                        2
                                                    )
                                                )
                                            )
                                        )
                                        0
                                    )
                                )
                                (
                                    ind
                                    Set0
                                    "Nat"
                                    ()
                                    (
                                        (
                                            (
                                                0
                                            )
                                            ()
                                        )
                                        (
                                            ()
                                            ()
                                        )
                                    )
                                )
                                (
                                    (
                                        vcon
                                        (
                                            ind
                                            Set0
                                            "Nat"
                                            ()
                                            (
                                                (
                                                    (
                                                        0
                                                    )
                                                    ()
                                                )
                                                (
                                                    ()
                                                    ()
                                                )
                                            )
                                        )
                                        0
                                    )
                                    (
                                        (
                                            vcon
                                            (
                                                ind
                                                Set0
                                                "Nat"
                                                ()
                                                (
                                                    (
                                                        (
                                                            0
                                                        )
                                                        ()
                                                    )
                                                    (
                                                        ()
                                                        ()
                                                    )
                                                )
                                            )
                                            0
                                        )
                                        (
                                            (
                                                fun
                                                0
                                                (
                                                    (
                                                        ind
                                                        Set0
                                                        "Nat"
                                                        ()
                                                        (
                                                            (
                                                                (
                                                                    0
                                                                )
                                                                ()
                                                            )
                                                            (
                                                                ()
                                                                ()
                                                            )
                                                        )
                                                    )
                                                    (
                                                        ind
                                                        Set0
                                                        "Nat"
                                                        ()
                                                        (
                                                            (
                                                                (
                                                                    0
                                                                )
                                                                ()
                                                            )
                                                            (
                                                                ()
                                                                ()
                                                            )
                                                        )
                                                    )
                                                )
                                                (
                                                    ind
                                                    Set0
                                                    "Nat"
                                                    ()
                                                    (
                                                        (
                                                            (
                                                                0
                                                            )
                                                            ()
                                                        )
                                                        (
                                                            ()
                                                            ()
                                                        )
                                                    )
                                                )
                                                (
                                                    match
                                                    2
                                                    1
                                                    (
                                                        ind
                                                        Set0
                                                        "Nat"
                                                        ()
                                                        (
                                                            (
                                                                (
                                                                    0
                                                                )
                                                                ()
                                                            )
                                                            (
                                                                ()
                                                                ()
                                                            )
                                                        )
                                                    )
                                                    (
                                                        (
                                                            1
                                                            (
                                                                (
                                                                    vcon
                                                                    (
                                                                        ind
                                                                        Set0
                                                                        "Nat"
                                                                        ()
                                                                        (
                                                                            (
                                                                                (
                                                                                    0
                                                                                )
                                                                                ()
                                                                            )
                                                                            (
                                                                                ()
                                                                                ()
                                                                            )
                                                                        )
                                                                    )
                                                                    0
                                                                )
                                                                (
                                                                    1
                                                                    0
                                                                    2
                                                                )
                                                            )
                                                        )
                                                        (
                                                            0
                                                            1
                                                        )
                                                    )
                                                )
                                            )
                                            0
                                            2
                                        )
                                    )
                                )
                            )
                        )
                    )
                )
            )
            (
                0
                (
                    (
                        fun
                        nonrec
                        (
                            Set0
                            0
                        )
                        (
                            (
                                ind
                                Prop0
                                "Eq"
                                (
                                    1
                                )
                                (
                                    (
                                        ()
                                        (
                                            1
                                        )
                                    )
                                )
                            )
                            0
                        )
                        (
                            vcon
                            (
                                ind
                                Prop0
                                "Eq"
                                (
                                    2
                                )
                                (
                                    (
                                        ()
                                        (
                                            2
                                        )
                                    )
                                )
                            )
                            0
                        )
                    )
                    (
                        ind
                        Set0
                        "Nat"
                        ()
                        (
                            (
                                (
                                    0
                                )
                                ()
                            )
                            (
                                ()
                                ()
                            )
                        )
                    )
                    (
                        (
                            vcon
                            (
                                ind
                                Set0
                                "Nat"
                                ()
                                (
                                    (
                                        (
                                            0
                                        )
                                        ()
                                    )
                                    (
                                        ()
                                        ()
                                    )
                                )
                            )
                            0
                        )
                        1
                    )
                )
            )
        )
    )
)
