---
source: src/syntax_tree/parser/tests/match_.rs
expression: "&cst"
---
Match(
    Match {
        lparen: ByteIndex(
            1,
        ),
        matchee: Deb(
            NumberLiteral {
                value: 0,
                span: (
                    ByteIndex(
                        33,
                    ),
                    ByteIndex(
                        34,
                    ),
                ),
            },
        ),
        arity: NumberLiteral {
            value: 1,
            span: (
                ByteIndex(
                    53,
                ),
                ByteIndex(
                    54,
                ),
            ),
        },
        return_type: Deb(
            NumberLiteral {
                value: 3,
                span: (
                    ByteIndex(
                        79,
                    ),
                    ByteIndex(
                        80,
                    ),
                ),
            },
        ),
        cases_lparen: ByteIndex(
            99,
        ),
        cases: Snoc(
            Snoc(
                Snoc(
                    Nil,
                    Nondismissed(
                        NondismissedMatchCase {
                            lparen: ByteIndex(
                                109,
                            ),
                            arity: NumberLiteral {
                                value: 0,
                                span: (
                                    ByteIndex(
                                        110,
                                    ),
                                    ByteIndex(
                                        111,
                                    ),
                                ),
                            },
                            return_val: Deb(
                                NumberLiteral {
                                    value: 1,
                                    span: (
                                        ByteIndex(
                                            112,
                                        ),
                                        ByteIndex(
                                            113,
                                        ),
                                    ),
                                },
                            ),
                            rparen: ByteIndex(
                                113,
                            ),
                        },
                    ),
                ),
                Dismissed(
                    ByteIndex(
                        124,
                    ),
                ),
            ),
            Nondismissed(
                NondismissedMatchCase {
                    lparen: ByteIndex(
                        140,
                    ),
                    arity: NumberLiteral {
                        value: 1,
                        span: (
                            ByteIndex(
                                141,
                            ),
                            ByteIndex(
                                142,
                            ),
                        ),
                    },
                    return_val: Deb(
                        NumberLiteral {
                            value: 2,
                            span: (
                                ByteIndex(
                                    143,
                                ),
                                ByteIndex(
                                    144,
                                ),
                            ),
                        },
                    ),
                    rparen: ByteIndex(
                        144,
                    ),
                },
            ),
        ),
        cases_rparen: ByteIndex(
            150,
        ),
        rparen: ByteIndex(
            152,
        ),
    },
)
