---
source: june/src/codegen/tests/mod.rs
expression: PrettyPrint(&converted_leaf)
---
(
    (
        fun
        nonrec
        (
            Set0
            (
                (
                    fun
                    nonrec
                    (
                        Set0
                    )
                    Set0
                    (
                        ind
                        Set0
                        "List"
                        ()
                        (
                            (
                                (
                                    2
                                    1
                                )
                                ()
                            )
                            (
                                ()
                                ()
                            )
                        )
                    )
                )
                0
            )
        )
        (
            (
                fun
                nonrec
                (
                    Set0
                )
                Set0
                (
                    ind
                    Set0
                    "List"
                    ()
                    (
                        (
                            (
                                2
                                1
                            )
                            ()
                        )
                        (
                            ()
                            ()
                        )
                    )
                )
            )
            1
        )
        (
            (
                fun
                0
                (
                    (
                        (
                            fun
                            nonrec
                            (
                                Set0
                            )
                            Set0
                            (
                                ind
                                Set0
                                "List"
                                ()
                                (
                                    (
                                        (
                                            2
                                            1
                                        )
                                        ()
                                    )
                                    (
                                        ()
                                        ()
                                    )
                                )
                            )
                        )
                        2
                    )
                    (
                        (
                            fun
                            nonrec
                            (
                                Set0
                            )
                            Set0
                            (
                                ind
                                Set0
                                "List"
                                ()
                                (
                                    (
                                        (
                                            2
                                            1
                                        )
                                        ()
                                    )
                                    (
                                        ()
                                        ()
                                    )
                                )
                            )
                        )
                        3
                    )
                )
                (
                    (
                        fun
                        nonrec
                        (
                            Set0
                        )
                        Set0
                        (
                            ind
                            Set0
                            "List"
                            ()
                            (
                                (
                                    (
                                        2
                                        1
                                    )
                                    ()
                                )
                                (
                                    ()
                                    ()
                                )
                            )
                        )
                    )
                    4
                )
                (
                    match
                    2
                    1
                    (
                        (
                            fun
                            nonrec
                            (
                                Set0
                            )
                            Set0
                            (
                                ind
                                Set0
                                "List"
                                ()
                                (
                                    (
                                        (
                                            2
                                            1
                                        )
                                        ()
                                    )
                                    (
                                        ()
                                        ()
                                    )
                                )
                            )
                        )
                        6
                    )
                    (
                        (
                            2
                            (
                                2
                                0
                                (
                                    (
                                        (
                                            fun
                                            nonrec
                                            (
                                                Set0
                                            )
                                            (
                                                for
                                                (
                                                    0
                                                    (
                                                        ind
                                                        Set0
                                                        "List"
                                                        ()
                                                        (
                                                            (
                                                                (
                                                                    2
                                                                    1
                                                                )
                                                                ()
                                                            )
                                                            (
                                                                ()
                                                                ()
                                                            )
                                                        )
                                                    )
                                                )
                                                (
                                                    ind
                                                    Set0
                                                    "List"
                                                    ()
                                                    (
                                                        (
                                                            (
                                                                3
                                                                1
                                                            )
                                                            ()
                                                        )
                                                        (
                                                            ()
                                                            ()
                                                        )
                                                    )
                                                )
                                            )
                                            (
                                                vcon
                                                (
                                                    ind
                                                    Set0
                                                    "List"
                                                    ()
                                                    (
                                                        (
                                                            (
                                                                2
                                                                1
                                                            )
                                                            ()
                                                        )
                                                        (
                                                            ()
                                                            ()
                                                        )
                                                    )
                                                )
                                                0
                                            )
                                        )
                                        7
                                    )
                                    1
                                    3
                                )
                            )
                        )
                        (
                            0
                            1
                        )
                    )
                )
            )
            1
            (
                (
                    fun
                    nonrec
                    (
                        Set0
                    )
                    (
                        ind
                        Set0
                        "List"
                        ()
                        (
                            (
                                (
                                    1
                                    1
                                )
                                ()
                            )
                            (
                                ()
                                ()
                            )
                        )
                    )
                    (
                        vcon
                        (
                            ind
                            Set0
                            "List"
                            ()
                            (
                                (
                                    (
                                        2
                                        1
                                    )
                                    ()
                                )
                                (
                                    ()
                                    ()
                                )
                            )
                        )
                        1
                    )
                )
                2
            )
        )
    )
    (
        ind
        Set0
        "Abc"
        ()
        (
            (
                ()
                ()
            )
            (
                ()
                ()
            )
            (
                ()
                ()
            )
        )
    )
    (
        (
            (
                fun
                nonrec
                (
                    Set0
                )
                (
                    for
                    (
                        0
                        (
                            ind
                            Set0
                            "List"
                            ()
                            (
                                (
                                    (
                                        2
                                        1
                                    )
                                    ()
                                )
                                (
                                    ()
                                    ()
                                )
                            )
                        )
                    )
                    (
                        ind
                        Set0
                        "List"
                        ()
                        (
                            (
                                (
                                    3
                                    1
                                )
                                ()
                            )
                            (
                                ()
                                ()
                            )
                        )
                    )
                )
                (
                    vcon
                    (
                        ind
                        Set0
                        "List"
                        ()
                        (
                            (
                                (
                                    2
                                    1
                                )
                                ()
                            )
                            (
                                ()
                                ()
                            )
                        )
                    )
                    0
                )
            )
            (
                ind
                Set0
                "Abc"
                ()
                (
                    (
                        ()
                        ()
                    )
                    (
                        ()
                        ()
                    )
                    (
                        ()
                        ()
                    )
                )
            )
        )
        (
            vcon
            (
                ind
                Set0
                "Abc"
                ()
                (
                    (
                        ()
                        ()
                    )
                    (
                        ()
                        ()
                    )
                    (
                        ()
                        ()
                    )
                )
            )
            0
        )
        (
            (
                (
                    fun
                    nonrec
                    (
                        Set0
                    )
                    (
                        for
                        (
                            0
                            (
                                ind
                                Set0
                                "List"
                                ()
                                (
                                    (
                                        (
                                            2
                                            1
                                        )
                                        ()
                                    )
                                    (
                                        ()
                                        ()
                                    )
                                )
                            )
                        )
                        (
                            ind
                            Set0
                            "List"
                            ()
                            (
                                (
                                    (
                                        3
                                        1
                                    )
                                    ()
                                )
                                (
                                    ()
                                    ()
                                )
                            )
                        )
                    )
                    (
                        vcon
                        (
                            ind
                            Set0
                            "List"
                            ()
                            (
                                (
                                    (
                                        2
                                        1
                                    )
                                    ()
                                )
                                (
                                    ()
                                    ()
                                )
                            )
                        )
                        0
                    )
                )
                (
                    ind
                    Set0
                    "Abc"
                    ()
                    (
                        (
                            ()
                            ()
                        )
                        (
                            ()
                            ()
                        )
                        (
                            ()
                            ()
                        )
                    )
                )
            )
            (
                vcon
                (
                    ind
                    Set0
                    "Abc"
                    ()
                    (
                        (
                            ()
                            ()
                        )
                        (
                            ()
                            ()
                        )
                        (
                            ()
                            ()
                        )
                    )
                )
                1
            )
            (
                (
                    (
                        fun
                        nonrec
                        (
                            Set0
                        )
                        (
                            for
                            (
                                0
                                (
                                    ind
                                    Set0
                                    "List"
                                    ()
                                    (
                                        (
                                            (
                                                2
                                                1
                                            )
                                            ()
                                        )
                                        (
                                            ()
                                            ()
                                        )
                                    )
                                )
                            )
                            (
                                ind
                                Set0
                                "List"
                                ()
                                (
                                    (
                                        (
                                            3
                                            1
                                        )
                                        ()
                                    )
                                    (
                                        ()
                                        ()
                                    )
                                )
                            )
                        )
                        (
                            vcon
                            (
                                ind
                                Set0
                                "List"
                                ()
                                (
                                    (
                                        (
                                            2
                                            1
                                        )
                                        ()
                                    )
                                    (
                                        ()
                                        ()
                                    )
                                )
                            )
                            0
                        )
                    )
                    (
                        ind
                        Set0
                        "Abc"
                        ()
                        (
                            (
                                ()
                                ()
                            )
                            (
                                ()
                                ()
                            )
                            (
                                ()
                                ()
                            )
                        )
                    )
                )
                (
                    vcon
                    (
                        ind
                        Set0
                        "Abc"
                        ()
                        (
                            (
                                ()
                                ()
                            )
                            (
                                ()
                                ()
                            )
                            (
                                ()
                                ()
                            )
                        )
                    )
                    2
                )
                (
                    (
                        fun
                        nonrec
                        (
                            Set0
                        )
                        (
                            ind
                            Set0
                            "List"
                            ()
                            (
                                (
                                    (
                                        1
                                        1
                                    )
                                    ()
                                )
                                (
                                    ()
                                    ()
                                )
                            )
                        )
                        (
                            vcon
                            (
                                ind
                                Set0
                                "List"
                                ()
                                (
                                    (
                                        (
                                            2
                                            1
                                        )
                                        ()
                                    )
                                    (
                                        ()
                                        ()
                                    )
                                )
                            )
                            1
                        )
                    )
                    (
                        ind
                        Set0
                        "Abc"
                        ()
                        (
                            (
                                ()
                                ()
                            )
                            (
                                ()
                                ()
                            )
                            (
                                ()
                                ()
                            )
                        )
                    )
                )
            )
        )
    )
)
