---
source: zoc/src/typecheck/tests/fun_recursion.rs
expression: pretty_printed_err
---
TypeError::IllegalRecursiveCall {
    app: (
        1
        2
    )@(ByteIndex(202)..ByteIndex(206)),
    callee_deb_definition_src: (
        fun
        0
        (
            (
                ind
                Set0
                "Nat"
                ()
                (
                    (
                        ()
                        ()
                    )
                    (
                        (
                            0
                        )
                        ()
                    )
                )
            )
        )
        (
            ind
            Set0
            "Nat"
            ()
            (
                (
                    ()
                    ()
                )
                (
                    (
                        0
                    )
                    ()
                )
            )
        )
        (
            match
            2
            1
            (
                ind
                Set0
                "Nat"
                ()
                (
                    (
                        ()
                        ()
                    )
                    (
                        (
                            0
                        )
                        ()
                    )
                )
            )
            (
                (
                    0
                    1
                )
                (
                    1
                    (
                        1
                        2
                    )
                )
            )
        )
    )@(ByteIndex(1)..ByteIndex(216)),
    required_decreasing_arg_index: 0,
    required_strict_superstruct: Deb(
        2,
    ),
}
