---
source: zoc/src/typecheck/tests/positivity.rs
expression: pretty_printed_err
---
TypeError::VconDefParamTypeFailsStrictPositivityCondition {
    def: (
        (
            (
                ind
                Set0
                "False"
                ()
                ()
            )
            (
                1
                (
                    3
                    (
                        1
                        (
                            ind
                            Set0
                            "False"
                            ()
                            ()
                        )
                    )
                )
            )
        )
        (
            (
                ind
                Set0
                "False"
                ()
                ()
            )
        )
    )@(ByteIndex(88)..ByteIndex(426)),
    param_type_index: 1,
    normalized_param_type: (
        1
        (
            3
            (
                1
                (
                    ind
                    Set0
                    "False"
                    ()
                    ()
                )
            )
        )
    ),
    path_from_param_type_to_problematic_deb: [
        NodeEdge(
            1,
        ),
        NodeEdge(
            0,
        ),
        NodeEdge(
            1,
        ),
        NodeEdge(
            0,
        ),
        NodeEdge(
            0,
        ),
    ],
}
