---
source: zoc/src/typecheck/tests/should_succeed.rs
expression: PrettyPrint(type_.raw())
---
(
    for
    (
        (
            ind
            Set0
            "List"
            ()
            (
                (
                    ()
                    ()
                )
                (
                    (
                        (
                            ind
                            Set0
                            "Mutual"
                            ()
                            (
                                (
                                    (
                                        (
                                            ind
                                            Set0
                                            "List"
                                            ()
                                            (
                                                (
                                                    ()
                                                    ()
                                                )
                                                (
                                                    (
                                                        1
                                                        1
                                                    )
                                                    ()
                                                )
                                            )
                                        )
                                        1
                                    )
                                    ()
                                )
                            )
                        )
                        1
                    )
                    ()
                )
            )
        )
        (
            ind
            Set0
            "Mutual"
            ()
            (
                (
                    (
                        (
                            ind
                            Set0
                            "List"
                            ()
                            (
                                (
                                    ()
                                    ()
                                )
                                (
                                    (
                                        1
                                        1
                                    )
                                    ()
                                )
                            )
                        )
                        1
                    )
                    ()
                )
            )
        )
    )
    (
        ind
        Set0
        "Mutual"
        ()
        (
            (
                (
                    (
                        ind
                        Set0
                        "List"
                        ()
                        (
                            (
                                ()
                                ()
                            )
                            (
                                (
                                    1
                                    1
                                )
                                ()
                            )
                        )
                    )
                    1
                )
                ()
            )
        )
    )
)
