---
source: src/parser_tests/ind.rs
expression: "&cst"
---
Ind(
    Ind {
        lparen: ByteIndex(
            1,
        ),
        type_: UniverseLiteral {
            level: 0,
            start: ByteIndex(
                8,
            ),
        },
        name: StringLiteral {
            value: "Nat",
            span: (
                ByteIndex(
                    15,
                ),
                ByteIndex(
                    20,
                ),
            ),
        },
        index_types_lparen: ByteIndex(
            37,
        ),
        index_types: Nil,
        index_types_rparen: ByteIndex(
            38,
        ),
        vcon_defs_lparen: ByteIndex(
            69,
        ),
        vcon_defs: Cons(
            Cons(
                Nil,
                VconDef {
                    lparen: ByteIndex(
                        75,
                    ),
                    param_types_lparen: ByteIndex(
                        76,
                    ),
                    param_types: Nil,
                    param_types_rparen: ByteIndex(
                        77,
                    ),
                    index_args_lparen: ByteIndex(
                        79,
                    ),
                    index_args: Nil,
                    index_args_rparen: ByteIndex(
                        80,
                    ),
                    rparen: ByteIndex(
                        81,
                    ),
                },
            ),
            VconDef {
                lparen: ByteIndex(
                    87,
                ),
                param_types_lparen: ByteIndex(
                    88,
                ),
                param_types: Cons(
                    Nil,
                    Deb(
                        NumberLiteral {
                            value: 0,
                            span: (
                                ByteIndex(
                                    89,
                                ),
                                ByteIndex(
                                    90,
                                ),
                            ),
                        },
                    ),
                ),
                param_types_rparen: ByteIndex(
                    90,
                ),
                index_args_lparen: ByteIndex(
                    92,
                ),
                index_args: Nil,
                index_args_rparen: ByteIndex(
                    93,
                ),
                rparen: ByteIndex(
                    94,
                ),
            },
        ),
        vcon_defs_rparen: ByteIndex(
            96,
        ),
        rparen: ByteIndex(
            98,
        ),
    },
)
