---
source: src/typecheck/tests.rs
expression: PrettyPrinted(type_.raw())
---
(
    for
    (
        (
            (
                ind
                Type0
                "EqNorth"
                (
                    (
                        ind
                        Type0
                        "Direction"
                        ()
                        (
                            (
                                ()
                                ()
                            )
                            (
                                ()
                                ()
                            )
                            (
                                ()
                                ()
                            )
                            (
                                ()
                                ()
                            )
                            (
                                (
                                    0
                                    1
                                )
                                ()
                            )
                        )
                    )
                )
                (
                    (
                        ()
                        (
                            (
                                vcon
                                (
                                    ind
                                    Type0
                                    "Direction"
                                    ()
                                    (
                                        (
                                            ()
                                            ()
                                        )
                                        (
                                            ()
                                            ()
                                        )
                                        (
                                            ()
                                            ()
                                        )
                                        (
                                            ()
                                            ()
                                        )
                                        (
                                            (
                                                0
                                                1
                                            )
                                            ()
                                        )
                                    )
                                )
                                0
                            )
                        )
                    )
                )
            )
            (
                vcon
                (
                    ind
                    Type0
                    "Direction"
                    ()
                    (
                        (
                            ()
                            ()
                        )
                        (
                            ()
                            ()
                        )
                        (
                            ()
                            ()
                        )
                        (
                            ()
                            ()
                        )
                        (
                            (
                                0
                                1
                            )
                            ()
                        )
                    )
                )
                2
            )
        )
        (
            (
                ind
                Type0
                "EqSouth"
                (
                    (
                        ind
                        Type0
                        "Direction"
                        ()
                        (
                            (
                                ()
                                ()
                            )
                            (
                                ()
                                ()
                            )
                            (
                                ()
                                ()
                            )
                            (
                                ()
                                ()
                            )
                            (
                                (
                                    0
                                    1
                                )
                                ()
                            )
                        )
                    )
                )
                (
                    (
                        ()
                        (
                            (
                                vcon
                                (
                                    ind
                                    Type0
                                    "Direction"
                                    ()
                                    (
                                        (
                                            ()
                                            ()
                                        )
                                        (
                                            ()
                                            ()
                                        )
                                        (
                                            ()
                                            ()
                                        )
                                        (
                                            ()
                                            ()
                                        )
                                        (
                                            (
                                                0
                                                1
                                            )
                                            ()
                                        )
                                    )
                                )
                                2
                            )
                        )
                    )
                )
            )
            (
                (
                    vcon
                    (
                        ind
                        Type0
                        "Direction"
                        ()
                        (
                            (
                                ()
                                ()
                            )
                            (
                                ()
                                ()
                            )
                            (
                                ()
                                ()
                            )
                            (
                                ()
                                ()
                            )
                            (
                                (
                                    0
                                    1
                                )
                                ()
                            )
                        )
                    )
                    4
                )
                (
                    vcon
                    (
                        ind
                        Type0
                        "Direction"
                        ()
                        (
                            (
                                ()
                                ()
                            )
                            (
                                ()
                                ()
                            )
                            (
                                ()
                                ()
                            )
                            (
                                ()
                                ()
                            )
                            (
                                (
                                    0
                                    1
                                )
                                ()
                            )
                        )
                    )
                    0
                )
                (
                    vcon
                    (
                        ind
                        Type0
                        "Direction"
                        ()
                        (
                            (
                                ()
                                ()
                            )
                            (
                                ()
                                ()
                            )
                            (
                                ()
                                ()
                            )
                            (
                                ()
                                ()
                            )
                            (
                                (
                                    0
                                    1
                                )
                                ()
                            )
                        )
                    )
                    3
                )
            )
        )
    )
    (
        ind
        Type0
        "False"
        ()
        ()
    )
)
