---
source: src/parser_tests/ind.rs
expression: "&err"
---
Some(
    Number(
        NumberLiteral {
            value: 2,
            span: (
                ByteIndex(
                    15,
                ),
                ByteIndex(
                    16,
                ),
            ),
        },
    ),
)
