---
source: src/parser_tests/vcon.rs
expression: "&err"
---
Some(
    Number(
        NumberLiteral {
            value: 1,
            span: (
                ByteIndex(
                    9,
                ),
                ByteIndex(
                    10,
                ),
            ),
        },
    ),
)
