---
source: may/src/codegen/tests.rs
expression: PrettyPrint(&zo)
---
(
    (
        vcon
        (
            ind
            Type0
            "Nat"
            ()
            (
                (
                    (
                        0
                    )
                    ()
                )
                (
                    ()
                    ()
                )
            )
        )
        0
    )
    (
        (
            vcon
            (
                ind
                Type0
                "Nat"
                ()
                (
                    (
                        (
                            0
                        )
                        ()
                    )
                    (
                        ()
                        ()
                    )
                )
            )
            0
        )
        (
            vcon
            (
                ind
                Type0
                "Nat"
                ()
                (
                    (
                        (
                            0
                        )
                        ()
                    )
                    (
                        ()
                        ()
                    )
                )
            )
            1
        )
    )
)
