---
source: may/src/codegen/tests.rs
expression: PrettyPrint(&zo)
---
(
    fun
    nonrec
    (
        Set0
    )
    (
        ind
        Set0
        "List"
        ()
        (
            (
                (
                    1
                    1
                )
                ()
            )
            (
                ()
                ()
            )
        )
    )
    (
        vcon
        (
            ind
            Set0
            "List"
            ()
            (
                (
                    (
                        2
                        1
                    )
                    ()
                )
                (
                    ()
                    ()
                )
            )
        )
        1
    )
)
